hello,world!
こんにちは、世界！
PS C:\Users\moto-\OneDrive\デスクトップ\git_challenge> git init        
Initialized empty Git repository in C:/Users/moto-/OneDrive/デスクトッ プ/git_challenge/.git/
PS C:\Users\moto-\OneDrive\デスクトップ\git_challenge> git clone git@github.com:ruha-29m/github-basic-kadai.git
Cloning into 'github-basic-kadai'...
Initialized empty Git repository in C:/Users/moto-/OneDrive/デスクトップ/git_challenge/.git/
PS C:\Users\moto-\OneDrive\デスクトップ\git_challenge> git clone git@github.com:ruha-29m/github-basic-kadai.git
Cloning into 'github-basic-kadai'...
Enter passphrase for key '/c/Users/moto-/.ssh/id_rsa':
remote: Enumerating objects: 16, done.
remote: Counting objects: 100% (16/16), done.
remote: Compressing objects: 100% (12/12), done.
remote: Total 16 (delta 1), reused 0 (delta 0), pack-reused 0 (from 0)
Receiving objects: 100% (16/16), 68.79 KiB | 414.00 KiB/s, done.
Resolving deltas: 100% (1/1), done.
PS C:\Users\moto-\OneDrive\デスクトップ\git_challenge> cd github-basic-kadai\kadai_005
PS C:\Users\moto-\OneDrive\デスクトップ\git_challenge\github-basic-kadai\kadai_005> git add .
PS C:\Users\moto-\OneDrive\デスクトップ\git_challenge\github-basic-kadai\kadai_005> git commit -m hello_world.txtを追加
[main c2a0134] hello_world.txtを追加
 1 file changed, 2 insertions(+)
 create mode 100644 kadai_005/kadai_005.txt
PS C:\Users\moto-\OneDrive\デスクトップ\git_challenge\github-basic-kadai\kadai_005> git status
On branch main
Your branch is ahead of 'origin/main' by 1 commit.
  (use "git push" to publish your local commits)

nothing to commit, working tree clean
PS C:\Users\m          ive\デスクトップ\git_challenge\github-basic-kadai\kadai_005> git
PS C:\Users\moto-\OneDrive\デスクトップ\git_challenge\github-basic-kadai\kadai_005> git commit -m "日本語訳を追加"
On branch main
Your branch is ahead of 'origin/main' by 1 commit.
  (use "git push" to publish your local commits)

nothing to commit, working tree clean
PS C:\Users\moto-\OneDrive\デスクトップ\git_challenge\github-basic-kadai\kadai_005> git add .
PS C:\Users\moto-\OneDrive\デスクトップ\git_challenge\github-basic-kadai\kadai_005> git commit -m "日本語訳を追加"
[main 83c6682] 日本語訳を追加
 1 file changed, 1 insertion(+), 1 deletion(-)
PS C:\Users\moto-\OneDrive\デスクトップ\git_challenge\github-basic-kadai\kadai_005> git log --oneline
83c6682 (HEAD -> main) 日本語訳を追加
c2a0134 hello_world.txtを追加
0175466 (origin/main, origin/HEAD) .gitkeep
31e8422 Delete kadai_005
e6baf63 Create kadai_005
a505717 Delete kadai_005
6e9d638 .gitkeep
01d5046 (origin/kadai) Create kadai_005.txt
07b7ee4 kadai_githubをアップロード
PS C:\Users\moto-\OneDrive\デスクトップ\git_challenge\github-basic-kadai\kadai_005> git remote
origin
PS C:\Users\moto-\OneDrive\デスクトップ\git_challenge\github-basic-kadai\kadai_005> git merge origin main 
Already up to date.
PS C:\Users\moto-\OneDrive\デスクトップ\git_challenge\github-basic-kadai\kadai_005> git push origin main
Enter passphrase for key '/c/Users/moto-/.ssh/id_rsa': 
Enumerating objects: 10, done.
Counting objects: 100% (10/10), done.
Delta compression using up to 8 threads
Compressing objects: 100% (6/6), done.
Writing objects: 100% (8/8), 888 bytes | 126.00 KiB/s, done.
Total 8 (delta 0), reused 0 (delta 0), pack-reused 0 (from 0)
To github.com:ruha-29m/github-basic-kadai.git
   0175466..83c6682  main -> main
PS C:\Users\moto-\OneDrive\デスクトップ\git_challenge\github-basic-kadai\kadai_005> 