PS C:\Users\moto-\OneDrive\デスクトップ\git_challenge> cd C:\Users\moto-\OneDrive\デスクトップ\free
PS C:\Users\moto-\OneDrive\デスクトップ\free> mkdir git_challenge


    ディレクトリ: C:\Users\moto-\OneDrive\デスクトップ\free


Mode                 LastWriteTime         Length Name
----                 -------------         ------ ----
d-----   2025/04/14 (月)     17:34                git_challenge


PS C:\Users\moto-\OneDrive\デスクトップ\free> git init
Initialized empty Git repository in C:/Users/moto-/OneDrive/デスクトップ/free/.git/
PS C:\Users\moto-\OneDrive\デスクトップ\free> cd git_challenge
PS C:\Users\moto-\OneDrive\デスクトップ\free\git_challenge> git init
Initialized empty Git repository in C:/Users/moto-/OneDrive/デスクトップ/free/git_challenge/.git/
PS C:\Users\moto-\OneDrive\デスクトップ\free\git_challenge> echo "hello,world!" >> "hello_world.txt"
PS C:\Users\moto-\OneDrive\デスクトップ\free\git_challenge> git add .
PS C:\Users\moto-\OneDrive\デスクトップ\free\git_challenge> git commit -m  "hello_world.txtを追加"
[main (root-commit) 95c13d3] hello_world.txtを追加
 1 file changed, 0 insertions(+), 0 deletions(-)
 create mode 100644 hello_world.txt
PS C:\Users\moto-\OneDrive\デスクトップ\free\git_challenge> echo "こんにちは、世界！" >> "hello_world.txt"
PS C:\Users\moto-\OneDrive\デスクトップ\free\git_challenge> git add .
PS C:\Users\moto-\OneDrive\デスクトップ\free\git_challenge> git commit -m  "日本語訳を追加"
[main a1cf316] 日本語訳を追加
 1 file changed, 0 insertions(+), 0 deletions(-)
PS C:\Users\moto-\OneDrive\デスクトップ\free\git_challenge> git log --oneline
a1cf316 (HEAD -> main) 日本語訳を追加
95c13d3 hello_world.txtを追加
